2025-12-13 00:02:10.867 [info] [main] Log level: Info
2025-12-13 00:02:10.867 [info] [main] Validating found git in: "git"
2025-12-13 00:02:10.867 [info] [main] Using git "2.52.0" from "git"
2025-12-13 00:02:10.867 [info] [Model][doInitialScan] Initial repository scan started
2025-12-13 00:02:10.867 [info] > git rev-parse --show-toplevel [5ms]
2025-12-13 00:02:10.868 [info] > git rev-parse --git-dir --git-common-dir --show-superproject-working-tree [1ms]
2025-12-13 00:02:10.875 [info] [Model][openRepository] Opened repository (path): /home/seeke/dotfiles
2025-12-13 00:02:10.875 [info] [Model][openRepository] Opened repository (real path): /home/seeke/dotfiles
2025-12-13 00:02:10.875 [info] [Model][openRepository] Opened repository (kind): repository
2025-12-13 00:02:10.882 [info] > git config --get commit.template [4ms]
2025-12-13 00:02:10.886 [info] > git for-each-ref --format=%(refname)%00%(upstream:short)%00%(objectname)%00%(upstream:track)%00%(upstream:remotename)%00%(upstream:remoteref) refs/heads/main refs/remotes/main [1ms]
2025-12-13 00:02:10.893 [info] > git status -z -uall [5ms]
2025-12-13 00:02:10.894 [info] > git rev-parse --show-toplevel [2ms]
2025-12-13 00:02:10.894 [info] > git for-each-ref --sort -committerdate --format %(refname)%00%(objectname)%00%(*objectname) [4ms]
2025-12-13 00:02:10.909 [info] > git for-each-ref --format=%(refname)%00%(upstream:short)%00%(objectname)%00%(upstream:track)%00%(upstream:remotename)%00%(upstream:remoteref) refs/heads/main refs/remotes/main [5ms]
2025-12-13 00:02:10.912 [info] > git config --get --local branch.main.vscode-merge-base [1ms]
2025-12-13 00:02:10.912 [warning] [Git][config] git config failed: Failed to execute git
2025-12-13 00:02:10.914 [info] > git config --get commit.template [5ms]
2025-12-13 00:02:10.914 [info] > git rev-parse --show-toplevel [7ms]
2025-12-13 00:02:10.919 [info] > git rev-parse --show-toplevel [3ms]
2025-12-13 00:02:10.919 [info] > git reflog main --grep-reflog=branch: Created from *. [5ms]
2025-12-13 00:02:10.923 [info] > git for-each-ref --format=%(refname)%00%(upstream:short)%00%(objectname)%00%(upstream:track)%00%(upstream:remotename)%00%(upstream:remoteref) refs/heads/main refs/remotes/main [5ms]
2025-12-13 00:02:10.923 [info] > git symbolic-ref --short refs/remotes/origin/HEAD [2ms]
2025-12-13 00:02:10.925 [info] > git rev-parse --show-toplevel [3ms]
2025-12-13 00:02:10.930 [info] > git status -z -uall [2ms]
2025-12-13 00:02:10.930 [info] > git for-each-ref --format=%(refname)%00%(upstream:short)%00%(objectname)%00%(upstream:track)%00%(upstream:remotename)%00%(upstream:remoteref) refs/heads/origin/main refs/remotes/origin/main [6ms]
2025-12-13 00:02:10.932 [info] > git for-each-ref --sort -committerdate --format %(refname)%00%(objectname)%00%(*objectname) [2ms]
2025-12-13 00:02:10.935 [info] > git rev-parse --show-toplevel [9ms]
2025-12-13 00:02:10.937 [info] > git config --add --local branch.main.vscode-merge-base origin/main [5ms]
2025-12-13 00:02:10.939 [info] > git rev-parse --show-toplevel [3ms]
2025-12-13 00:02:10.941 [info] > git config --get commit.template [2ms]
2025-12-13 00:02:10.943 [info] > git rev-parse --show-toplevel [2ms]
2025-12-13 00:02:10.945 [info] > git for-each-ref --format=%(refname)%00%(upstream:short)%00%(objectname)%00%(upstream:track)%00%(upstream:remotename)%00%(upstream:remoteref) refs/heads/main refs/remotes/main [2ms]
2025-12-13 00:02:10.949 [info] > git rev-parse --show-toplevel [3ms]
2025-12-13 00:02:10.950 [info] > git status -z -uall [3ms]
2025-12-13 00:02:10.951 [info] > git rev-parse --show-toplevel [1ms]
2025-12-13 00:02:10.951 [info] > git for-each-ref --sort -committerdate --format %(refname)%00%(objectname)%00%(*objectname) [3ms]
2025-12-13 00:02:10.958 [info] > git merge-base refs/heads/main refs/remotes/origin/main [4ms]
2025-12-13 00:02:10.961 [info] > git rev-parse --show-toplevel [3ms]
2025-12-13 00:02:10.961 [info] > git merge-base refs/heads/main refs/remotes/origin/main [5ms]
2025-12-13 00:02:10.965 [info] > git diff --name-status -z --diff-filter=ADMR --find-renames=50% 16a4b0bb928739500100092e55ea2c332e0c7707...refs/remotes/origin/main -- [5ms]
2025-12-13 00:02:10.966 [info] > git rev-parse --show-toplevel [1ms]
2025-12-13 00:02:10.966 [info] > git diff --name-status -z --diff-filter=ADMR --find-renames=50% 16a4b0bb928739500100092e55ea2c332e0c7707...refs/remotes/origin/main -- [3ms]
2025-12-13 00:02:10.968 [info] > git rev-parse --show-toplevel [0ms]
2025-12-13 00:02:10.971 [info] > git rev-parse --show-toplevel [1ms]
2025-12-13 00:02:10.980 [info] > git rev-parse --show-toplevel [8ms]
2025-12-13 00:02:10.982 [info] > git rev-parse --show-toplevel [0ms]
2025-12-13 00:02:10.985 [info] > git rev-parse --show-toplevel [1ms]
2025-12-13 00:02:10.987 [info] > git rev-parse --show-toplevel [1ms]
2025-12-13 00:02:10.989 [info] > git rev-parse --show-toplevel [1ms]
2025-12-13 00:02:10.991 [info] > git rev-parse --show-toplevel [0ms]
2025-12-13 00:02:10.993 [info] > git rev-parse --show-toplevel [0ms]
2025-12-13 00:02:10.996 [info] > git rev-parse --show-toplevel [1ms]
2025-12-13 00:02:10.998 [info] > git rev-parse --show-toplevel [1ms]
2025-12-13 00:02:11.000 [info] > git rev-parse --show-toplevel [1ms]
2025-12-13 00:02:11.001 [info] [Model][doInitialScan] Initial repository scan completed - repositories (1), closed repositories (0), parent repositories (0), unsafe repositories (0)
2025-12-13 00:02:11.386 [info] > git check-ignore -v -z --stdin [0ms]
2025-12-13 00:02:13.114 [info] > git config --get commit.template [2ms]
2025-12-13 00:02:13.114 [info] > git for-each-ref --format=%(refname)%00%(upstream:short)%00%(objectname)%00%(upstream:track)%00%(upstream:remotename)%00%(upstream:remoteref) refs/heads/main refs/remotes/main [1ms]
2025-12-13 00:02:13.119 [info] > git status -z -uall [3ms]
2025-12-13 00:02:13.120 [info] > git for-each-ref --sort -committerdate --format %(refname)%00%(objectname)%00%(*objectname) [2ms]
2025-12-13 00:02:18.127 [info] > git config --get commit.template [2ms]
2025-12-13 00:02:18.128 [info] > git for-each-ref --format=%(refname)%00%(upstream:short)%00%(objectname)%00%(upstream:track)%00%(upstream:remotename)%00%(upstream:remoteref) refs/heads/main refs/remotes/main [1ms]
2025-12-13 00:02:18.132 [info] > git status -z -uall [3ms]
2025-12-13 00:02:18.132 [info] > git for-each-ref --sort -committerdate --format %(refname)%00%(objectname)%00%(*objectname) [1ms]
2025-12-13 00:02:23.142 [info] > git config --get commit.template [2ms]
2025-12-13 00:02:23.143 [info] > git for-each-ref --format=%(refname)%00%(upstream:short)%00%(objectname)%00%(upstream:track)%00%(upstream:remotename)%00%(upstream:remoteref) refs/heads/main refs/remotes/main [1ms]
2025-12-13 00:02:23.147 [info] > git status -z -uall [2ms]
2025-12-13 00:02:23.148 [info] > git for-each-ref --sort -committerdate --format %(refname)%00%(objectname)%00%(*objectname) [1ms]
2025-12-13 00:02:27.215 [info] > git check-ignore -v -z --stdin [1ms]
2025-12-13 00:02:28.156 [info] > git config --get commit.template [2ms]
2025-12-13 00:02:28.156 [info] > git for-each-ref --format=%(refname)%00%(upstream:short)%00%(objectname)%00%(upstream:track)%00%(upstream:remotename)%00%(upstream:remoteref) refs/heads/main refs/remotes/main [0ms]
2025-12-13 00:02:28.160 [info] > git status -z -uall [2ms]
2025-12-13 00:02:28.161 [info] > git for-each-ref --sort -committerdate --format %(refname)%00%(objectname)%00%(*objectname) [1ms]
2025-12-13 00:02:33.169 [info] > git config --get commit.template [2ms]
2025-12-13 00:02:33.170 [info] > git for-each-ref --format=%(refname)%00%(upstream:short)%00%(objectname)%00%(upstream:track)%00%(upstream:remotename)%00%(upstream:remoteref) refs/heads/main refs/remotes/main [1ms]
2025-12-13 00:02:33.174 [info] > git status -z -uall [2ms]
2025-12-13 00:02:33.175 [info] > git for-each-ref --sort -committerdate --format %(refname)%00%(objectname)%00%(*objectname) [1ms]
2025-12-13 00:02:38.182 [info] > git config --get commit.template [3ms]
2025-12-13 00:02:38.182 [info] > git for-each-ref --format=%(refname)%00%(upstream:short)%00%(objectname)%00%(upstream:track)%00%(upstream:remotename)%00%(upstream:remoteref) refs/heads/main refs/remotes/main [1ms]
2025-12-13 00:02:38.186 [info] > git status -z -uall [2ms]
2025-12-13 00:02:38.187 [info] > git for-each-ref --sort -committerdate --format %(refname)%00%(objectname)%00%(*objectname) [1ms]
2025-12-13 00:02:43.193 [info] > git config --get commit.template [2ms]
2025-12-13 00:02:43.194 [info] > git for-each-ref --format=%(refname)%00%(upstream:short)%00%(objectname)%00%(upstream:track)%00%(upstream:remotename)%00%(upstream:remoteref) refs/heads/main refs/remotes/main [1ms]
2025-12-13 00:02:43.198 [info] > git status -z -uall [3ms]
2025-12-13 00:02:43.198 [info] > git for-each-ref --sort -committerdate --format %(refname)%00%(objectname)%00%(*objectname) [1ms]
2025-12-13 00:02:48.209 [info] > git config --get commit.template [5ms]
2025-12-13 00:02:48.215 [info] > git for-each-ref --format=%(refname)%00%(upstream:short)%00%(objectname)%00%(upstream:track)%00%(upstream:remotename)%00%(upstream:remoteref) refs/heads/main refs/remotes/main [4ms]
2025-12-13 00:02:48.219 [info] > git status -z -uall [2ms]
2025-12-13 00:02:48.220 [info] > git for-each-ref --sort -committerdate --format %(refname)%00%(objectname)%00%(*objectname) [1ms]
2025-12-13 00:02:53.228 [info] > git config --get commit.template [2ms]
2025-12-13 00:02:53.229 [info] > git for-each-ref --format=%(refname)%00%(upstream:short)%00%(objectname)%00%(upstream:track)%00%(upstream:remotename)%00%(upstream:remoteref) refs/heads/main refs/remotes/main [1ms]
2025-12-13 00:02:53.233 [info] > git status -z -uall [2ms]
2025-12-13 00:02:53.233 [info] > git for-each-ref --sort -committerdate --format %(refname)%00%(objectname)%00%(*objectname) [1ms]
2025-12-13 00:02:58.242 [info] > git config --get commit.template [3ms]
2025-12-13 00:02:58.242 [info] > git for-each-ref --format=%(refname)%00%(upstream:short)%00%(objectname)%00%(upstream:track)%00%(upstream:remotename)%00%(upstream:remoteref) refs/heads/main refs/remotes/main [1ms]
2025-12-13 00:02:58.246 [info] > git status -z -uall [2ms]
2025-12-13 00:02:58.247 [info] > git for-each-ref --sort -committerdate --format %(refname)%00%(objectname)%00%(*objectname) [1ms]
2025-12-13 00:03:09.191 [info] > git config --get commit.template [2ms]
2025-12-13 00:03:09.192 [info] > git for-each-ref --format=%(refname)%00%(upstream:short)%00%(objectname)%00%(upstream:track)%00%(upstream:remotename)%00%(upstream:remoteref) refs/heads/main refs/remotes/main [1ms]
2025-12-13 00:03:09.196 [info] > git status -z -uall [3ms]
2025-12-13 00:03:09.196 [info] > git for-each-ref --sort -committerdate --format %(refname)%00%(objectname)%00%(*objectname) [1ms]
2025-12-13 00:03:36.120 [info] > git config --get commit.template [2ms]
2025-12-13 00:03:36.120 [info] > git for-each-ref --format=%(refname)%00%(upstream:short)%00%(objectname)%00%(upstream:track)%00%(upstream:remotename)%00%(upstream:remoteref) refs/heads/main refs/remotes/main [0ms]
2025-12-13 00:03:36.124 [info] > git status -z -uall [2ms]
2025-12-13 00:03:36.125 [info] > git for-each-ref --sort -committerdate --format %(refname)%00%(objectname)%00%(*objectname) [1ms]
2025-12-13 00:03:43.276 [info] > git config --get commit.template [2ms]
2025-12-13 00:03:43.276 [info] > git for-each-ref --format=%(refname)%00%(upstream:short)%00%(objectname)%00%(upstream:track)%00%(upstream:remotename)%00%(upstream:remoteref) refs/heads/main refs/remotes/main [1ms]
2025-12-13 00:03:43.280 [info] > git status -z -uall [2ms]
2025-12-13 00:03:43.281 [info] > git for-each-ref --sort -committerdate --format %(refname)%00%(objectname)%00%(*objectname) [1ms]
2025-12-13 00:03:48.287 [info] > git config --get commit.template [2ms]
2025-12-13 00:03:48.288 [info] > git for-each-ref --format=%(refname)%00%(upstream:short)%00%(objectname)%00%(upstream:track)%00%(upstream:remotename)%00%(upstream:remoteref) refs/heads/main refs/remotes/main [1ms]
2025-12-13 00:03:48.292 [info] > git status -z -uall [3ms]
2025-12-13 00:03:48.293 [info] > git for-each-ref --sort -committerdate --format %(refname)%00%(objectname)%00%(*objectname) [1ms]
2025-12-13 00:03:53.300 [info] > git config --get commit.template [2ms]
2025-12-13 00:03:53.300 [info] > git for-each-ref --format=%(refname)%00%(upstream:short)%00%(objectname)%00%(upstream:track)%00%(upstream:remotename)%00%(upstream:remoteref) refs/heads/main refs/remotes/main [1ms]
2025-12-13 00:03:53.304 [info] > git status -z -uall [2ms]
2025-12-13 00:03:53.305 [info] > git for-each-ref --sort -committerdate --format %(refname)%00%(objectname)%00%(*objectname) [1ms]
2025-12-13 00:03:58.311 [info] > git config --get commit.template [2ms]
2025-12-13 00:03:58.312 [info] > git for-each-ref --format=%(refname)%00%(upstream:short)%00%(objectname)%00%(upstream:track)%00%(upstream:remotename)%00%(upstream:remoteref) refs/heads/main refs/remotes/main [1ms]
2025-12-13 00:03:58.316 [info] > git status -z -uall [2ms]
2025-12-13 00:03:58.317 [info] > git for-each-ref --sort -committerdate --format %(refname)%00%(objectname)%00%(*objectname) [1ms]
2025-12-13 00:04:24.909 [info] > git config --get commit.template [2ms]
2025-12-13 00:04:24.910 [info] > git for-each-ref --format=%(refname)%00%(upstream:short)%00%(objectname)%00%(upstream:track)%00%(upstream:remotename)%00%(upstream:remoteref) refs/heads/main refs/remotes/main [1ms]
2025-12-13 00:04:24.914 [info] > git status -z -uall [3ms]
2025-12-13 00:04:24.914 [info] > git for-each-ref --sort -committerdate --format %(refname)%00%(objectname)%00%(*objectname) [1ms]
2025-12-13 00:04:29.923 [info] > git config --get commit.template [3ms]
2025-12-13 00:04:29.923 [info] > git for-each-ref --format=%(refname)%00%(upstream:short)%00%(objectname)%00%(upstream:track)%00%(upstream:remotename)%00%(upstream:remoteref) refs/heads/main refs/remotes/main [1ms]
2025-12-13 00:04:29.927 [info] > git status -z -uall [2ms]
2025-12-13 00:04:29.928 [info] > git for-each-ref --sort -committerdate --format %(refname)%00%(objectname)%00%(*objectname) [1ms]
2025-12-13 00:04:36.122 [info] > git config --get commit.template [2ms]
2025-12-13 00:04:36.123 [info] > git for-each-ref --format=%(refname)%00%(upstream:short)%00%(objectname)%00%(upstream:track)%00%(upstream:remotename)%00%(upstream:remoteref) refs/heads/main refs/remotes/main [1ms]
2025-12-13 00:04:36.127 [info] > git status -z -uall [2ms]
2025-12-13 00:04:36.127 [info] > git for-each-ref --sort -committerdate --format %(refname)%00%(objectname)%00%(*objectname) [1ms]
2025-12-13 00:04:41.135 [info] > git config --get commit.template [2ms]
2025-12-13 00:04:41.136 [info] > git for-each-ref --format=%(refname)%00%(upstream:short)%00%(objectname)%00%(upstream:track)%00%(upstream:remotename)%00%(upstream:remoteref) refs/heads/main refs/remotes/main [1ms]
2025-12-13 00:04:41.140 [info] > git status -z -uall [3ms]
2025-12-13 00:04:41.140 [info] > git for-each-ref --sort -committerdate --format %(refname)%00%(objectname)%00%(*objectname) [1ms]
2025-12-13 00:04:47.481 [info] > git config --get commit.template [2ms]
2025-12-13 00:04:47.481 [info] > git for-each-ref --format=%(refname)%00%(upstream:short)%00%(objectname)%00%(upstream:track)%00%(upstream:remotename)%00%(upstream:remoteref) refs/heads/main refs/remotes/main [1ms]
2025-12-13 00:04:47.485 [info] > git status -z -uall [2ms]
2025-12-13 00:04:47.486 [info] > git for-each-ref --sort -committerdate --format %(refname)%00%(objectname)%00%(*objectname) [1ms]
