2025-12-13 00:05:01.542 [info] [main] ログ レベル: Info
2025-12-13 00:05:01.542 [info] [main] Git の検証が検出されました: "git"
2025-12-13 00:05:01.542 [info] [main] "git" から Git "2.52.0" を使用しています
2025-12-13 00:05:01.542 [info] [Model][doInitialScan] Initial repository scan started
2025-12-13 00:05:01.542 [info] > git rev-parse --show-toplevel [9ms]
2025-12-13 00:05:01.542 [info] > git rev-parse --git-dir --git-common-dir --show-superproject-working-tree [2ms]
2025-12-13 00:05:01.542 [info] [Model][openRepository] Opened repository (path): /home/seeke/dotfiles
2025-12-13 00:05:01.542 [info] [Model][openRepository] Opened repository (real path): /home/seeke/dotfiles
2025-12-13 00:05:01.542 [info] [Model][openRepository] Opened repository (kind): repository
2025-12-13 00:05:01.542 [info] > git config --get commit.template [2ms]
2025-12-13 00:05:01.542 [info] > git rev-parse --show-toplevel [1ms]
2025-12-13 00:05:01.542 [info] > git for-each-ref --format=%(refname)%00%(upstream:short)%00%(objectname)%00%(upstream:track)%00%(upstream:remotename)%00%(upstream:remoteref) refs/heads/main refs/remotes/main [2ms]
2025-12-13 00:05:01.542 [info] > git rev-parse --show-toplevel [1ms]
2025-12-13 00:05:01.542 [info] > git status -z -uall [4ms]
2025-12-13 00:05:01.542 [info] > git rev-parse --show-toplevel [6ms]
2025-12-13 00:05:01.542 [info] > git for-each-ref --sort -committerdate --format %(refname)%00%(objectname)%00%(*objectname) [2ms]
2025-12-13 00:05:01.542 [info] > git for-each-ref --format=%(refname)%00%(upstream:short)%00%(objectname)%00%(upstream:track)%00%(upstream:remotename)%00%(upstream:remoteref) refs/heads/main refs/remotes/main [3ms]
2025-12-13 00:05:01.542 [info] > git rev-parse --show-toplevel [19ms]
2025-12-13 00:05:01.546 [info] > git config --get --local branch.main.vscode-merge-base [20ms]
2025-12-13 00:05:01.549 [info] > git for-each-ref --format=%(refname)%00%(upstream:short)%00%(objectname)%00%(upstream:track)%00%(upstream:remotename)%00%(upstream:remoteref) refs/heads/origin/main refs/remotes/origin/main [2ms]
2025-12-13 00:05:01.551 [info] > git rev-parse --show-toplevel [6ms]
2025-12-13 00:05:01.551 [info] > git config --get commit.template [7ms]
2025-12-13 00:05:01.554 [info] > git merge-base refs/heads/main refs/remotes/origin/main [3ms]
2025-12-13 00:05:01.560 [info] > git diff --name-status -z --diff-filter=ADMR --find-renames=50% 16a4b0bb928739500100092e55ea2c332e0c7707...refs/remotes/origin/main -- [5ms]
2025-12-13 00:05:01.560 [info] > git rev-parse --show-toplevel [7ms]
2025-12-13 00:05:01.585 [info] > git for-each-ref --format=%(refname)%00%(upstream:short)%00%(objectname)%00%(upstream:track)%00%(upstream:remotename)%00%(upstream:remoteref) refs/heads/main refs/remotes/main [25ms]
2025-12-13 00:05:01.599 [info] > git rev-parse --show-toplevel [15ms]
2025-12-13 00:05:01.622 [info] > git rev-parse --show-toplevel [6ms]
2025-12-13 00:05:01.628 [info] > git status -z -uall [4ms]
2025-12-13 00:05:01.628 [info] > git for-each-ref --sort -committerdate --format %(refname)%00%(objectname)%00%(*objectname) [2ms]
2025-12-13 00:05:01.652 [info] > git rev-parse --show-toplevel [25ms]
2025-12-13 00:05:01.660 [info] > git rev-parse --show-toplevel [1ms]
2025-12-13 00:05:01.663 [info] > git rev-parse --show-toplevel [2ms]
2025-12-13 00:05:01.665 [info] > git rev-parse --show-toplevel [1ms]
2025-12-13 00:05:01.667 [info] > git rev-parse --show-toplevel [1ms]
2025-12-13 00:05:01.669 [info] > git rev-parse --show-toplevel [0ms]
2025-12-13 00:05:01.671 [info] > git rev-parse --show-toplevel [0ms]
2025-12-13 00:05:01.674 [info] > git rev-parse --show-toplevel [1ms]
2025-12-13 00:05:01.676 [info] > git rev-parse --show-toplevel [1ms]
2025-12-13 00:05:01.678 [info] > git rev-parse --show-toplevel [0ms]
2025-12-13 00:05:01.681 [info] > git rev-parse --show-toplevel [1ms]
2025-12-13 00:05:01.683 [info] > git rev-parse --show-toplevel [1ms]
2025-12-13 00:05:01.685 [info] > git rev-parse --show-toplevel [1ms]
2025-12-13 00:05:01.687 [info] > git rev-parse --show-toplevel [0ms]
2025-12-13 00:05:01.690 [info] > git rev-parse --show-toplevel [1ms]
2025-12-13 00:05:01.691 [info] [Model][doInitialScan] Initial repository scan completed - repositories (1), closed repositories (0), parent repositories (0), unsafe repositories (0)
2025-12-13 00:05:02.062 [info] > git check-ignore -v -z --stdin [0ms]
2025-12-13 00:05:03.740 [info] > git config --get commit.template [2ms]
2025-12-13 00:05:03.740 [info] > git for-each-ref --format=%(refname)%00%(upstream:short)%00%(objectname)%00%(upstream:track)%00%(upstream:remotename)%00%(upstream:remoteref) refs/heads/main refs/remotes/main [1ms]
2025-12-13 00:05:03.744 [info] > git status -z -uall [2ms]
2025-12-13 00:05:03.745 [info] > git for-each-ref --sort -committerdate --format %(refname)%00%(objectname)%00%(*objectname) [1ms]
2025-12-13 00:05:08.752 [info] > git config --get commit.template [2ms]
2025-12-13 00:05:08.753 [info] > git for-each-ref --format=%(refname)%00%(upstream:short)%00%(objectname)%00%(upstream:track)%00%(upstream:remotename)%00%(upstream:remoteref) refs/heads/main refs/remotes/main [1ms]
2025-12-13 00:05:08.757 [info] > git status -z -uall [2ms]
2025-12-13 00:05:08.758 [info] > git for-each-ref --sort -committerdate --format %(refname)%00%(objectname)%00%(*objectname) [1ms]
2025-12-13 00:05:13.767 [info] > git config --get commit.template [2ms]
2025-12-13 00:05:13.767 [info] > git for-each-ref --format=%(refname)%00%(upstream:short)%00%(objectname)%00%(upstream:track)%00%(upstream:remotename)%00%(upstream:remoteref) refs/heads/main refs/remotes/main [1ms]
2025-12-13 00:05:13.771 [info] > git status -z -uall [2ms]
2025-12-13 00:05:13.772 [info] > git for-each-ref --sort -committerdate --format %(refname)%00%(objectname)%00%(*objectname) [1ms]
2025-12-13 00:05:18.781 [info] > git config --get commit.template [2ms]
2025-12-13 00:05:18.781 [info] > git for-each-ref --format=%(refname)%00%(upstream:short)%00%(objectname)%00%(upstream:track)%00%(upstream:remotename)%00%(upstream:remoteref) refs/heads/main refs/remotes/main [1ms]
2025-12-13 00:05:18.786 [info] > git status -z -uall [3ms]
2025-12-13 00:05:18.786 [info] > git for-each-ref --sort -committerdate --format %(refname)%00%(objectname)%00%(*objectname) [1ms]
2025-12-13 00:05:23.794 [info] > git config --get commit.template [3ms]
2025-12-13 00:05:23.795 [info] > git for-each-ref --format=%(refname)%00%(upstream:short)%00%(objectname)%00%(upstream:track)%00%(upstream:remotename)%00%(upstream:remoteref) refs/heads/main refs/remotes/main [1ms]
2025-12-13 00:05:23.799 [info] > git status -z -uall [3ms]
2025-12-13 00:05:23.800 [info] > git for-each-ref --sort -committerdate --format %(refname)%00%(objectname)%00%(*objectname) [2ms]
2025-12-13 00:05:28.808 [info] > git config --get commit.template [2ms]
2025-12-13 00:05:28.809 [info] > git for-each-ref --format=%(refname)%00%(upstream:short)%00%(objectname)%00%(upstream:track)%00%(upstream:remotename)%00%(upstream:remoteref) refs/heads/main refs/remotes/main [1ms]
2025-12-13 00:05:28.813 [info] > git status -z -uall [2ms]
2025-12-13 00:05:28.814 [info] > git for-each-ref --sort -committerdate --format %(refname)%00%(objectname)%00%(*objectname) [1ms]
2025-12-13 00:05:44.672 [info] > git config --get commit.template [2ms]
2025-12-13 00:05:44.673 [info] > git for-each-ref --format=%(refname)%00%(upstream:short)%00%(objectname)%00%(upstream:track)%00%(upstream:remotename)%00%(upstream:remoteref) refs/heads/main refs/remotes/main [1ms]
2025-12-13 00:05:44.677 [info] > git status -z -uall [3ms]
2025-12-13 00:05:44.678 [info] > git for-each-ref --sort -committerdate --format %(refname)%00%(objectname)%00%(*objectname) [2ms]
2025-12-13 00:05:49.686 [info] > git config --get commit.template [2ms]
2025-12-13 00:05:49.687 [info] > git for-each-ref --format=%(refname)%00%(upstream:short)%00%(objectname)%00%(upstream:track)%00%(upstream:remotename)%00%(upstream:remoteref) refs/heads/main refs/remotes/main [1ms]
2025-12-13 00:05:49.691 [info] > git status -z -uall [3ms]
2025-12-13 00:05:49.692 [info] > git for-each-ref --sort -committerdate --format %(refname)%00%(objectname)%00%(*objectname) [2ms]
2025-12-13 00:05:55.819 [info] > git config --get commit.template [2ms]
2025-12-13 00:05:55.820 [info] > git for-each-ref --format=%(refname)%00%(upstream:short)%00%(objectname)%00%(upstream:track)%00%(upstream:remotename)%00%(upstream:remoteref) refs/heads/main refs/remotes/main [1ms]
2025-12-13 00:05:55.824 [info] > git status -z -uall [2ms]
2025-12-13 00:05:55.825 [info] > git for-each-ref --sort -committerdate --format %(refname)%00%(objectname)%00%(*objectname) [1ms]
2025-12-13 00:06:00.833 [info] > git config --get commit.template [2ms]
2025-12-13 00:06:00.834 [info] > git for-each-ref --format=%(refname)%00%(upstream:short)%00%(objectname)%00%(upstream:track)%00%(upstream:remotename)%00%(upstream:remoteref) refs/heads/main refs/remotes/main [1ms]
2025-12-13 00:06:00.838 [info] > git status -z -uall [3ms]
2025-12-13 00:06:00.838 [info] > git for-each-ref --sort -committerdate --format %(refname)%00%(objectname)%00%(*objectname) [1ms]
2025-12-13 00:06:05.848 [info] > git config --get commit.template [3ms]
2025-12-13 00:06:05.848 [info] > git for-each-ref --format=%(refname)%00%(upstream:short)%00%(objectname)%00%(upstream:track)%00%(upstream:remotename)%00%(upstream:remoteref) refs/heads/main refs/remotes/main [1ms]
2025-12-13 00:06:05.852 [info] > git status -z -uall [2ms]
2025-12-13 00:06:05.853 [info] > git for-each-ref --sort -committerdate --format %(refname)%00%(objectname)%00%(*objectname) [2ms]
2025-12-13 00:06:10.861 [info] > git config --get commit.template [2ms]
2025-12-13 00:06:10.862 [info] > git for-each-ref --format=%(refname)%00%(upstream:short)%00%(objectname)%00%(upstream:track)%00%(upstream:remotename)%00%(upstream:remoteref) refs/heads/main refs/remotes/main [1ms]
2025-12-13 00:06:10.866 [info] > git status -z -uall [2ms]
2025-12-13 00:06:10.867 [info] > git for-each-ref --sort -committerdate --format %(refname)%00%(objectname)%00%(*objectname) [1ms]
2025-12-13 00:06:15.873 [info] > git config --get commit.template [2ms]
2025-12-13 00:06:15.873 [info] > git for-each-ref --format=%(refname)%00%(upstream:short)%00%(objectname)%00%(upstream:track)%00%(upstream:remotename)%00%(upstream:remoteref) refs/heads/main refs/remotes/main [0ms]
2025-12-13 00:06:15.878 [info] > git status -z -uall [3ms]
2025-12-13 00:06:15.878 [info] > git for-each-ref --sort -committerdate --format %(refname)%00%(objectname)%00%(*objectname) [1ms]
2025-12-13 00:06:20.886 [info] > git config --get commit.template [3ms]
2025-12-13 00:06:20.886 [info] > git for-each-ref --format=%(refname)%00%(upstream:short)%00%(objectname)%00%(upstream:track)%00%(upstream:remotename)%00%(upstream:remoteref) refs/heads/main refs/remotes/main [1ms]
2025-12-13 00:06:20.891 [info] > git status -z -uall [3ms]
2025-12-13 00:06:20.892 [info] > git for-each-ref --sort -committerdate --format %(refname)%00%(objectname)%00%(*objectname) [2ms]
2025-12-13 00:06:25.899 [info] > git config --get commit.template [3ms]
2025-12-13 00:06:25.899 [info] > git for-each-ref --format=%(refname)%00%(upstream:short)%00%(objectname)%00%(upstream:track)%00%(upstream:remotename)%00%(upstream:remoteref) refs/heads/main refs/remotes/main [1ms]
2025-12-13 00:06:25.904 [info] > git status -z -uall [3ms]
2025-12-13 00:06:25.904 [info] > git for-each-ref --sort -committerdate --format %(refname)%00%(objectname)%00%(*objectname) [1ms]
2025-12-13 00:06:38.777 [info] > git config --get commit.template [2ms]
2025-12-13 00:06:38.778 [info] > git for-each-ref --format=%(refname)%00%(upstream:short)%00%(objectname)%00%(upstream:track)%00%(upstream:remotename)%00%(upstream:remoteref) refs/heads/main refs/remotes/main [1ms]
2025-12-13 00:06:38.782 [info] > git status -z -uall [3ms]
2025-12-13 00:06:38.783 [info] > git for-each-ref --sort -committerdate --format %(refname)%00%(objectname)%00%(*objectname) [2ms]
2025-12-13 00:06:43.789 [info] > git config --get commit.template [2ms]
2025-12-13 00:06:43.790 [info] > git for-each-ref --format=%(refname)%00%(upstream:short)%00%(objectname)%00%(upstream:track)%00%(upstream:remotename)%00%(upstream:remoteref) refs/heads/main refs/remotes/main [0ms]
2025-12-13 00:06:43.794 [info] > git status -z -uall [3ms]
2025-12-13 00:06:43.795 [info] > git for-each-ref --sort -committerdate --format %(refname)%00%(objectname)%00%(*objectname) [2ms]
2025-12-13 00:06:48.803 [info] > git config --get commit.template [2ms]
2025-12-13 00:06:48.804 [info] > git for-each-ref --format=%(refname)%00%(upstream:short)%00%(objectname)%00%(upstream:track)%00%(upstream:remotename)%00%(upstream:remoteref) refs/heads/main refs/remotes/main [1ms]
2025-12-13 00:06:48.808 [info] > git status -z -uall [3ms]
2025-12-13 00:06:48.809 [info] > git for-each-ref --sort -committerdate --format %(refname)%00%(objectname)%00%(*objectname) [2ms]
2025-12-13 00:06:57.776 [info] > git config --get commit.template [2ms]
2025-12-13 00:06:57.776 [info] > git for-each-ref --format=%(refname)%00%(upstream:short)%00%(objectname)%00%(upstream:track)%00%(upstream:remotename)%00%(upstream:remoteref) refs/heads/main refs/remotes/main [1ms]
2025-12-13 00:06:57.781 [info] > git status -z -uall [3ms]
2025-12-13 00:06:57.782 [info] > git for-each-ref --sort -committerdate --format %(refname)%00%(objectname)%00%(*objectname) [2ms]
2025-12-13 00:07:31.563 [info] > git check-ignore -v -z --stdin [0ms]
2025-12-13 00:07:32.693 [info] > git show --textconv :.gitignore [2ms]
2025-12-13 00:07:32.693 [info] > git ls-files --stage -- .gitignore [0ms]
2025-12-13 00:07:32.696 [info] > git cat-file -s 0343bb8cc64925e13ecff4beb5140fa98a0dc537 [1ms]
2025-12-13 00:07:33.771 [info] > git config --get commit.template [2ms]
2025-12-13 00:07:33.772 [info] > git for-each-ref --format=%(refname)%00%(upstream:short)%00%(objectname)%00%(upstream:track)%00%(upstream:remotename)%00%(upstream:remoteref) refs/heads/main refs/remotes/main [1ms]
2025-12-13 00:07:33.777 [info] > git status -z -uall [3ms]
2025-12-13 00:07:33.777 [info] > git for-each-ref --sort -committerdate --format %(refname)%00%(objectname)%00%(*objectname) [1ms]
2025-12-13 00:07:34.889 [info] > git blame --root --incremental 16a4b0bb928739500100092e55ea2c332e0c7707 -- .gitignore [1ms]
2025-12-13 00:07:36.977 [info] > git check-ignore -v -z --stdin [1ms]
2025-12-13 00:07:38.785 [info] > git config --get commit.template [2ms]
2025-12-13 00:07:38.785 [info] > git for-each-ref --format=%(refname)%00%(upstream:short)%00%(objectname)%00%(upstream:track)%00%(upstream:remotename)%00%(upstream:remoteref) refs/heads/main refs/remotes/main [0ms]
2025-12-13 00:07:38.790 [info] > git status -z -uall [3ms]
2025-12-13 00:07:38.791 [info] > git for-each-ref --sort -committerdate --format %(refname)%00%(objectname)%00%(*objectname) [2ms]
2025-12-13 00:07:43.799 [info] > git config --get commit.template [3ms]
2025-12-13 00:07:43.799 [info] > git for-each-ref --format=%(refname)%00%(upstream:short)%00%(objectname)%00%(upstream:track)%00%(upstream:remotename)%00%(upstream:remoteref) refs/heads/main refs/remotes/main [1ms]
2025-12-13 00:07:43.804 [info] > git status -z -uall [3ms]
2025-12-13 00:07:43.805 [info] > git for-each-ref --sort -committerdate --format %(refname)%00%(objectname)%00%(*objectname) [2ms]
2025-12-13 00:07:48.812 [info] > git config --get commit.template [2ms]
2025-12-13 00:07:48.812 [info] > git for-each-ref --format=%(refname)%00%(upstream:short)%00%(objectname)%00%(upstream:track)%00%(upstream:remotename)%00%(upstream:remoteref) refs/heads/main refs/remotes/main [1ms]
2025-12-13 00:07:48.817 [info] > git status -z -uall [3ms]
2025-12-13 00:07:48.818 [info] > git for-each-ref --sort -committerdate --format %(refname)%00%(objectname)%00%(*objectname) [2ms]
2025-12-13 00:07:57.780 [info] > git config --get commit.template [2ms]
2025-12-13 00:07:57.781 [info] > git for-each-ref --format=%(refname)%00%(upstream:short)%00%(objectname)%00%(upstream:track)%00%(upstream:remotename)%00%(upstream:remoteref) refs/heads/main refs/remotes/main [1ms]
2025-12-13 00:07:57.785 [info] > git status -z -uall [2ms]
2025-12-13 00:07:57.786 [info] > git for-each-ref --sort -committerdate --format %(refname)%00%(objectname)%00%(*objectname) [2ms]
2025-12-13 00:08:11.343 [info] > git config --get commit.template [2ms]
2025-12-13 00:08:11.344 [info] > git for-each-ref --format=%(refname)%00%(upstream:short)%00%(objectname)%00%(upstream:track)%00%(upstream:remotename)%00%(upstream:remoteref) refs/heads/main refs/remotes/main [1ms]
2025-12-13 00:08:11.348 [info] > git status -z -uall [2ms]
2025-12-13 00:08:11.349 [info] > git for-each-ref --sort -committerdate --format %(refname)%00%(objectname)%00%(*objectname) [1ms]
2025-12-13 00:08:11.667 [info] > git show --textconv HEAD:.gitignore [2ms]
2025-12-13 00:08:11.668 [info] > git ls-tree -l HEAD -- .gitignore [1ms]
2025-12-13 00:08:12.581 [info] > git ls-files --stage -- .gitignore [2ms]
2025-12-13 00:08:12.583 [info] > git ls-tree -l HEAD -- .gitignore [2ms]
2025-12-13 00:08:12.585 [info] > git cat-file -s 82182c5a39c5e07e1d2c10f36bd54cd16236c5c2 [2ms]
2025-12-13 00:08:12.588 [info] > git show --textconv HEAD:.gitignore [3ms]
2025-12-13 00:08:12.589 [info] > git show --textconv :.gitignore [1ms]
2025-12-13 00:08:12.676 [info] > git config --get commit.template [2ms]
2025-12-13 00:08:12.677 [info] > git for-each-ref --format=%(refname)%00%(upstream:short)%00%(objectname)%00%(upstream:track)%00%(upstream:remotename)%00%(upstream:remoteref) refs/heads/main refs/remotes/main [1ms]
2025-12-13 00:08:12.681 [info] > git for-each-ref --sort -committerdate --format %(refname)%00%(objectname)%00%(*objectname) [1ms]
2025-12-13 00:08:12.682 [info] > git status -z -uall [4ms]
2025-12-13 00:08:18.400 [info] > git config --get commit.template [2ms]
2025-12-13 00:08:18.400 [info] > git for-each-ref --format=%(refname)%00%(upstream:short)%00%(objectname)%00%(upstream:track)%00%(upstream:remotename)%00%(upstream:remoteref) refs/heads/main refs/remotes/main [1ms]
2025-12-13 00:08:18.405 [info] > git for-each-ref --sort -committerdate --format %(refname)%00%(objectname)%00%(*objectname) [1ms]
2025-12-13 00:08:18.406 [info] > git status -z -uall [4ms]
2025-12-13 00:08:24.440 [info] > git config --get commit.template [2ms]
2025-12-13 00:08:24.441 [info] > git for-each-ref --format=%(refname)%00%(upstream:short)%00%(objectname)%00%(upstream:track)%00%(upstream:remotename)%00%(upstream:remoteref) refs/heads/main refs/remotes/main [1ms]
2025-12-13 00:08:24.446 [info] > git for-each-ref --sort -committerdate --format %(refname)%00%(objectname)%00%(*objectname) [1ms]
2025-12-13 00:08:24.446 [info] > git status -z -uall [3ms]
2025-12-13 00:08:29.453 [info] > git config --get commit.template [2ms]
2025-12-13 00:08:29.454 [info] > git for-each-ref --format=%(refname)%00%(upstream:short)%00%(objectname)%00%(upstream:track)%00%(upstream:remotename)%00%(upstream:remoteref) refs/heads/main refs/remotes/main [1ms]
2025-12-13 00:08:29.459 [info] > git for-each-ref --sort -committerdate --format %(refname)%00%(objectname)%00%(*objectname) [1ms]
2025-12-13 00:08:29.459 [info] > git status -z -uall [3ms]
